
Memory Configuration

Name             Origin             Length             Attributes
*default*        0x0000000000000000 0xffffffffffffffff

Linker script and memory map

Address of section .text set to 0x0
LOAD C:\Users\yossi\AppData\Local\Temp\ccMNLBJ0.ltrans0.ltrans.o
LOAD C:\Users\yossi\AppData\Local\Temp\ccAz58SJ.debug.temp.o
LOAD C:\Users\yossi\AppData\Local\Temp\cckHYWyC.debug.temp.o
LOAD C:\Users\yossi\AppData\Local\Temp\ccczNrjv.debug.temp.o
LOAD C:\Users\yossi\AppData\Local\Temp\cckR7v8n.debug.temp.o
LOAD obj/gcc8_a_support.o
LOAD obj/depacker_doynax.o
                [!provide]                        PROVIDE (__executable_start = SEGMENT_START ("text-segment", 0x80000000))
                0x0000000080000074                . = (SEGMENT_START ("text-segment", 0x80000000) + SIZEOF_HEADERS)

.interp
 *(.interp)

.note.gnu.build-id
 *(.note.gnu.build-id)

.hash
 *(.hash)

.gnu.hash
 *(.gnu.hash)

.dynsym
 *(.dynsym)

.dynstr
 *(.dynstr)

.gnu.version
 *(.gnu.version)

.gnu.version_d
 *(.gnu.version_d)

.gnu.version_r
 *(.gnu.version_r)

.rela.dyn       0x0000000080000074        0x0
 *(.rela.init)
 *(.rela.text .rela.text.* .rela.gnu.linkonce.t.*)
 *(.rela.fini)
 *(.rela.rodata .rela.rodata.* .rela.gnu.linkonce.r.*)
 *(.rela.data .rela.data.* .rela.gnu.linkonce.d.*)
 *(.rela.tdata .rela.tdata.* .rela.gnu.linkonce.td.*)
 *(.rela.tbss .rela.tbss.* .rela.gnu.linkonce.tb.*)
 *(.rela.ctors)
 *(.rela.dtors)
 *(.rela.got)
 *(.rela.bss .rela.bss.* .rela.gnu.linkonce.b.*)
                [!provide]                        PROVIDE (__rela_iplt_start = .)
 *(.rela.iplt)
                [!provide]                        PROVIDE (__rela_iplt_end = .)

.rela.plt
 *(.rela.plt)

.init
 *(SORT_NONE(.init))

.plt
 *(.plt)

.iplt
 *(.iplt)

.text           0x0000000000000000      0xa8e
 *(.text.unlikely .text.*_unlikely .text.unlikely.*)
 .text.unlikely
                0x0000000000000000       0x8c C:\Users\yossi\AppData\Local\Temp\ccMNLBJ0.ltrans0.ltrans.o
                0x0000000000000000                _start
 *(.text.exit .text.exit.*)
 *(.text.startup .text.startup.*)
 .text.startup  0x000000000000008c      0x49a C:\Users\yossi\AppData\Local\Temp\ccMNLBJ0.ltrans0.ltrans.o
                0x000000000000008c                main
 *(.text.hot .text.hot.*)
 *(SORT_BY_NAME(.text.sorted.*))
 *(.text .stub .text.* .gnu.linkonce.t.*)
 *fill*         0x0000000000000526        0x2 4e714e71
 .text          0x0000000000000528      0x386 C:\Users\yossi\AppData\Local\Temp\ccMNLBJ0.ltrans0.ltrans.o
                0x00000000000005ea                strlen
                0x0000000000000602                memset
                0x0000000000000772                memcpy
                0x00000000000007fc                memmove
 *fill*         0x00000000000008ae        0x2 4e714e71
 .text          0x00000000000008b0      0x10c obj/gcc8_a_support.o
                0x00000000000008b0                __mulsi3
                0x00000000000008d2                __udivsi3
                0x000000000000092e                __divsi3
                0x0000000000000958                __modsi3
                0x0000000000000980                __umodsi3
                0x00000000000009aa                KPutCharX
                0x00000000000009b8                PutChar
 .text          0x00000000000009bc       0xd2 obj/depacker_doynax.o
                0x00000000000009bc                _doynaxdepack_asm
 *(.gnu.warning)

.fini
 *(SORT_NONE(.fini))
                [!provide]                        PROVIDE (__etext = .)
                [!provide]                        PROVIDE (_etext = .)
                [!provide]                        PROVIDE (etext = .)

.rodata         0x0000000000000a8e     0x1996
 *(.rodata .rodata.* .gnu.linkonce.r.*)
 .rodata        0x0000000000000a8e     0x1996 C:\Users\yossi\AppData\Local\Temp\ccMNLBJ0.ltrans0.ltrans.o
                0x0000000000000a8e                incbin_player_start
                0x00000000000023f4                incbin_player_end

.rodata1
 *(.rodata1)

.eh_frame_hdr
 *(.eh_frame_hdr)
 *(.eh_frame_entry .eh_frame_entry.*)

.eh_frame
 *(.eh_frame)
 *(.eh_frame.*)

.gcc_except_table
 *(.gcc_except_table .gcc_except_table.*)

.gnu_extab
 *(.gnu_extab*)

.exception_ranges
 *(.exception_ranges*)
                0x0000000000004424                . = DATA_SEGMENT_ALIGN (CONSTANT (MAXPAGESIZE), CONSTANT (COMMONPAGESIZE))

.eh_frame
 *(.eh_frame)
 *(.eh_frame.*)

.gnu_extab
 *(.gnu_extab)

.gcc_except_table
 *(.gcc_except_table .gcc_except_table.*)

.exception_ranges
 *(.exception_ranges*)

.tdata          0x0000000000004424        0x0
                [!provide]                        PROVIDE (__tdata_start = .)
 *(.tdata .tdata.* .gnu.linkonce.td.*)

.tbss
 *(.tbss .tbss.* .gnu.linkonce.tb.*)
 *(.tcommon)

.preinit_array  0x0000000000004424        0x0
                0x0000000000004424                PROVIDE (__preinit_array_start = .)
 *(.preinit_array)
                0x0000000000004424                PROVIDE (__preinit_array_end = .)

.init_array     0x0000000000004424        0x0
                0x0000000000004424                PROVIDE (__init_array_start = .)
 *(SORT_BY_INIT_PRIORITY(.init_array.*) SORT_BY_INIT_PRIORITY(.ctors.*))
 *(.init_array EXCLUDE_FILE(*crtend?.o *crtend.o *crtbegin?.o *crtbegin.o) .ctors)
                0x0000000000004424                PROVIDE (__init_array_end = .)

.fini_array     0x0000000000004424        0x0
                0x0000000000004424                PROVIDE (__fini_array_start = .)
 *(SORT_BY_INIT_PRIORITY(.fini_array.*) SORT_BY_INIT_PRIORITY(.dtors.*))
 *(.fini_array EXCLUDE_FILE(*crtend?.o *crtend.o *crtbegin?.o *crtbegin.o) .dtors)
                0x0000000000004424                PROVIDE (__fini_array_end = .)

.ctors
 *crtbegin.o(.ctors)
 *crtbegin?.o(.ctors)
 *(EXCLUDE_FILE(*crtend?.o *crtend.o) .ctors)
 *(SORT_BY_NAME(.ctors.*))
 *(.ctors)

.dtors
 *crtbegin.o(.dtors)
 *crtbegin?.o(.dtors)
 *(EXCLUDE_FILE(*crtend?.o *crtend.o) .dtors)
 *(SORT_BY_NAME(.dtors.*))
 *(.dtors)

.jcr
 *(.jcr)

.data.rel.ro
 *(.data.rel.ro.local* .gnu.linkonce.d.rel.ro.local.*)
 *(.data.rel.ro .data.rel.ro.* .gnu.linkonce.d.rel.ro.*)

.dynamic
 *(.dynamic)
                0x0000000000004424                . = DATA_SEGMENT_RELRO_END (., 0x0)

.got
 *(.got.plt)
 *(.igot.plt)
 *(.got)
 *(.igot)

.data           0x0000000000004424        0x0
 *(.data .data.* .gnu.linkonce.d.*)
 .data          0x0000000000004424        0x0 C:\Users\yossi\AppData\Local\Temp\ccMNLBJ0.ltrans0.ltrans.o
 .data          0x0000000000004424        0x0 obj/gcc8_a_support.o
 .data          0x0000000000004424        0x0 obj/depacker_doynax.o

.INCBIN.MEMF_CHIP
                0x0000000000004424     0x1479
 .INCBIN.MEMF_CHIP
                0x0000000000004424     0x1479 C:\Users\yossi\AppData\Local\Temp\ccMNLBJ0.ltrans0.ltrans.o
                0x0000000000004424                incbin_module_start
                0x000000000000589c                incbin_module_end

.MEMF_CHIP      0x000000000000589e      0xccc
 .MEMF_CHIP     0x000000000000589e      0xccc C:\Users\yossi\AppData\Local\Temp\ccMNLBJ0.ltrans0.ltrans.o

.data1
 *(.data1)
                0x000000000000656a                _edata = .
                [!provide]                        PROVIDE (edata = .)
                0x000000000000656a                . = .
                0x000000000000656a                __bss_start = .

.bss            0x000000000000656c       0x24
 *(.dynbss)
 *(.bss .bss.* .gnu.linkonce.b.*)
 .bss           0x000000000000656c       0x22 C:\Users\yossi\AppData\Local\Temp\ccMNLBJ0.ltrans0.ltrans.o
 *fill*         0x000000000000658e        0x2 
 .bss           0x0000000000006590        0x0 obj/gcc8_a_support.o
 .bss           0x0000000000006590        0x0 obj/depacker_doynax.o
 *(COMMON)
                0x0000000000006590                . = ALIGN ((. != 0x0)?0x4:0x1)
                0x0000000000006590                . = ALIGN (0x4)
                0x0000000000006590                . = SEGMENT_START ("ldata-segment", .)
                0x0000000000006590                . = ALIGN (0x4)
                0x0000000000006590                _end = .
                [!provide]                        PROVIDE (end = .)
                0x0000000000006590                . = DATA_SEGMENT_END (.)

.stab
 *(.stab)

.stabstr
 *(.stabstr)

.stab.excl
 *(.stab.excl)

.stab.exclstr
 *(.stab.exclstr)

.stab.index
 *(.stab.index)

.stab.indexstr
 *(.stab.indexstr)

.comment        0x0000000000000000       0x12
 *(.comment)
 .comment       0x0000000000000000       0x12 C:\Users\yossi\AppData\Local\Temp\ccMNLBJ0.ltrans0.ltrans.o
                                         0x13 (size before relaxing)
 .comment       0x0000000000000012       0x13 C:\Users\yossi\AppData\Local\Temp\ccAz58SJ.debug.temp.o
 .comment       0x0000000000000012       0x13 C:\Users\yossi\AppData\Local\Temp\cckHYWyC.debug.temp.o
 .comment       0x0000000000000012       0x13 C:\Users\yossi\AppData\Local\Temp\ccczNrjv.debug.temp.o
 .comment       0x0000000000000012       0x13 C:\Users\yossi\AppData\Local\Temp\cckR7v8n.debug.temp.o

.gnu.build.attributes
 *(.gnu.build.attributes .gnu.build.attributes.*)

.debug
 *(.debug)

.line
 *(.line)

.debug_srcinfo
 *(.debug_srcinfo)

.debug_sfnames
 *(.debug_sfnames)

.debug_aranges  0x0000000000000000       0x70
 *(.debug_aranges)
 .debug_aranges
                0x0000000000000000       0x30 C:\Users\yossi\AppData\Local\Temp\ccMNLBJ0.ltrans0.ltrans.o
 .debug_aranges
                0x0000000000000030       0x20 obj/gcc8_a_support.o
 .debug_aranges
                0x0000000000000050       0x20 obj/depacker_doynax.o

.debug_pubnames
 *(.debug_pubnames)

.debug_info     0x0000000000000000     0x5ea7
 *(.debug_info .gnu.linkonce.wi.*)
 .debug_info    0x0000000000000000      0xdaa C:\Users\yossi\AppData\Local\Temp\ccMNLBJ0.ltrans0.ltrans.o
 .debug_info    0x0000000000000daa       0xf5 C:\Users\yossi\AppData\Local\Temp\ccAz58SJ.debug.temp.o
                0x0000000000000daa                ufobob.c.6a8e216b
 .debug_info    0x0000000000000e9f      0x111 C:\Users\yossi\AppData\Local\Temp\cckHYWyC.debug.temp.o
                0x0000000000000e9f                loga176x48.c.d26ff3da
 .debug_info    0x0000000000000fb0     0x4153 C:\Users\yossi\AppData\Local\Temp\ccczNrjv.debug.temp.o
                0x0000000000000fb0                main.c.4445c787
 .debug_info    0x0000000000005103      0xce6 C:\Users\yossi\AppData\Local\Temp\cckR7v8n.debug.temp.o
                0x0000000000005103                gcc8_c_support.c.819b7bab
 .debug_info    0x0000000000005de9       0x89 obj/gcc8_a_support.o
 .debug_info    0x0000000000005e72       0x35 obj/depacker_doynax.o

.debug_abbrev   0x0000000000000000      0x741
 *(.debug_abbrev)
 .debug_abbrev  0x0000000000000000      0x172 C:\Users\yossi\AppData\Local\Temp\ccMNLBJ0.ltrans0.ltrans.o
 .debug_abbrev  0x0000000000000172       0x3e C:\Users\yossi\AppData\Local\Temp\ccAz58SJ.debug.temp.o
 .debug_abbrev  0x00000000000001b0       0x3f C:\Users\yossi\AppData\Local\Temp\cckHYWyC.debug.temp.o
 .debug_abbrev  0x00000000000001ef      0x2a7 C:\Users\yossi\AppData\Local\Temp\ccczNrjv.debug.temp.o
 .debug_abbrev  0x0000000000000496      0x269 C:\Users\yossi\AppData\Local\Temp\cckR7v8n.debug.temp.o
 .debug_abbrev  0x00000000000006ff       0x21 obj/gcc8_a_support.o
 .debug_abbrev  0x0000000000000720       0x21 obj/depacker_doynax.o

.debug_line     0x0000000000000000     0x272c
 *(.debug_line .debug_line.* .debug_line_end)
 .debug_line    0x0000000000000000     0x1e44 C:\Users\yossi\AppData\Local\Temp\ccMNLBJ0.ltrans0.ltrans.o
 .debug_line    0x0000000000001e44       0x7e C:\Users\yossi\AppData\Local\Temp\ccAz58SJ.debug.temp.o
 .debug_line    0x0000000000001ec2       0x86 C:\Users\yossi\AppData\Local\Temp\cckHYWyC.debug.temp.o
 .debug_line    0x0000000000001f48      0x4d6 C:\Users\yossi\AppData\Local\Temp\ccczNrjv.debug.temp.o
 .debug_line    0x000000000000241e      0x194 C:\Users\yossi\AppData\Local\Temp\cckR7v8n.debug.temp.o
 .debug_line    0x00000000000025b2       0xce obj/gcc8_a_support.o
 .debug_line    0x0000000000002680       0xac obj/depacker_doynax.o

.debug_frame    0x0000000000000000      0x2b8
 *(.debug_frame)
 .debug_frame   0x0000000000000000      0x1ec C:\Users\yossi\AppData\Local\Temp\ccMNLBJ0.ltrans0.ltrans.o
 .debug_frame   0x00000000000001ec       0xcc obj/gcc8_a_support.o

.debug_str      0x0000000000000000      0x280
 *(.debug_str)
 .debug_str     0x0000000000000000        0x0 C:\Users\yossi\AppData\Local\Temp\ccMNLBJ0.ltrans0.ltrans.o
 .debug_str     0x0000000000000000        0x0 C:\Users\yossi\AppData\Local\Temp\ccAz58SJ.debug.temp.o
 .debug_str     0x0000000000000000        0x0 C:\Users\yossi\AppData\Local\Temp\cckHYWyC.debug.temp.o
 .debug_str     0x0000000000000000      0x11f C:\Users\yossi\AppData\Local\Temp\ccczNrjv.debug.temp.o
 .debug_str     0x000000000000011f       0x8a C:\Users\yossi\AppData\Local\Temp\cckR7v8n.debug.temp.o
 .debug_str     0x00000000000001a9       0x95 obj/gcc8_a_support.o
 .debug_str     0x000000000000023e       0x42 obj/depacker_doynax.o
                                         0x67 (size before relaxing)

.debug_loc
 *(.debug_loc)

.debug_macinfo
 *(.debug_macinfo)

.debug_weaknames
 *(.debug_weaknames)

.debug_funcnames
 *(.debug_funcnames)

.debug_typenames
 *(.debug_typenames)

.debug_varnames
 *(.debug_varnames)

.debug_pubtypes
 *(.debug_pubtypes)

.debug_ranges
 *(.debug_ranges)

.debug_addr
 *(.debug_addr)

.debug_line_str
 *(.debug_line_str)

.debug_loclists
                0x0000000000000000      0x931
 *(.debug_loclists)
 .debug_loclists
                0x0000000000000000      0x931 C:\Users\yossi\AppData\Local\Temp\ccMNLBJ0.ltrans0.ltrans.o

.debug_macro
 *(.debug_macro)

.debug_names
 *(.debug_names)

.debug_rnglists
                0x0000000000000000      0x16b
 *(.debug_rnglists)
 .debug_rnglists
                0x0000000000000000      0x16b C:\Users\yossi\AppData\Local\Temp\ccMNLBJ0.ltrans0.ltrans.o

.debug_str_offsets
 *(.debug_str_offsets)

.debug_sup
 *(.debug_sup)

.gnu.attributes
 *(.gnu.attributes)

/DISCARD/
 *(.note.GNU-stack)
 *(.gnu_debuglink)
 *(.gnu.lto_*)
OUTPUT(a.mingw.elf elf32-m68k)
